// Jest Snapshot v1, https://goo.gl/fbAQLP

exports[`App test should work 1`] = `
<div
  className="MuiContainer-root MuiContainer-maxWidthLg css-1oqqzyl-MuiContainer-root"
>
  <div
    className="MuiStack-root css-hwnj0i-MuiStack-root"
  >
    <div
      className="MuiStack-root css-gmwslw-MuiStack-root"
    >
      <button
        className="MuiButtonBase-root MuiButton-root MuiButton-contained MuiButton-containedPrimary MuiButton-sizeMedium MuiButton-containedSizeMedium MuiButton-root MuiButton-contained MuiButton-containedPrimary MuiButton-sizeMedium MuiButton-containedSizeMedium css-sghohy-MuiButtonBase-root-MuiButton-root"
        disabled={false}
        onBlur={[Function]}
        onClick={[Function]}
        onContextMenu={[Function]}
        onDragLeave={[Function]}
        onFocus={[Function]}
        onKeyDown={[Function]}
        onKeyUp={[Function]}
        onMouseDown={[Function]}
        onMouseLeave={[Function]}
        onMouseUp={[Function]}
        onTouchEnd={[Function]}
        onTouchMove={[Function]}
        onTouchStart={[Function]}
        tabIndex={0}
        type="button"
      >
        Create Event
        <span
          className="MuiTouchRipple-root css-8je8zh-MuiTouchRipple-root"
        />
      </button>
      <div
        className="MuiStack-root css-1kq5d21-MuiStack-root"
      >
        <p
          className="MuiTypography-root MuiTypography-body1 css-ahj2mt-MuiTypography-root"
        >
          Welcome 
          <i />
        </p>
        <button
          className="MuiButtonBase-root MuiButton-root MuiButton-contained MuiButton-containedError MuiButton-sizeMedium MuiButton-containedSizeMedium MuiButton-root MuiButton-contained MuiButton-containedError MuiButton-sizeMedium MuiButton-containedSizeMedium css-1sszw6i-MuiButtonBase-root-MuiButton-root"
          disabled={false}
          onBlur={[Function]}
          onClick={[Function]}
          onContextMenu={[Function]}
          onDragLeave={[Function]}
          onFocus={[Function]}
          onKeyDown={[Function]}
          onKeyUp={[Function]}
          onMouseDown={[Function]}
          onMouseLeave={[Function]}
          onMouseUp={[Function]}
          onTouchEnd={[Function]}
          onTouchMove={[Function]}
          onTouchStart={[Function]}
          tabIndex={0}
          type="button"
        >
          Sign out
          <span
            className="MuiTouchRipple-root css-8je8zh-MuiTouchRipple-root"
          />
        </button>
      </div>
    </div>
    <div
      aria-colcount={6}
      aria-multiselectable={false}
      aria-rowcount={1}
      className="MuiDataGrid-root MuiDataGrid-root--densityStandard MuiDataGrid-withBorderColor css-az8st9-MuiDataGrid-root"
      role="grid"
    >
      <div
        className="MuiDataGrid-main css-204u17-MuiDataGrid-main"
      >
        <div
          className="MuiDataGrid-columnHeaders MuiDataGrid-withBorderColor css-1iyq7zh-MuiDataGrid-columnHeaders"
          role="presentation"
          style={
            {
              "lineHeight": "56px",
              "maxHeight": 56,
              "minHeight": 56,
            }
          }
        >
          <div
            className="MuiDataGrid-columnHeadersInner MuiDataGrid-columnHeadersInner--scrollable css-gl260s-MuiDataGrid-columnHeadersInner"
            role="rowgroup"
          >
            <div
              aria-rowindex={1}
              className="css-yrdy0g-MuiDataGrid-columnHeaderRow"
              role="row"
            >
              <div
                aria-colindex={1}
                aria-sort="none"
                className="MuiDataGrid-columnHeader MuiDataGrid-columnHeader--alignCenter MuiDataGrid-withBorderColor MuiDataGrid-columnHeaderCheckbox"
                data-field="__check__"
                onBlur={[Function]}
                onClick={[Function]}
                onDoubleClick={[Function]}
                onFocus={[Function]}
                onKeyDown={[Function]}
                onMouseEnter={[Function]}
                onMouseLeave={[Function]}
                onMouseOut={[Function]}
                onMouseOver={[Function]}
                role="columnheader"
                style={
                  {
                    "height": 56,
                    "maxWidth": 50,
                    "minWidth": 50,
                    "width": 50,
                  }
                }
                tabIndex={0}
              >
                <div
                  className="MuiDataGrid-columnHeaderDraggableContainer"
                  draggable={false}
                  role="presentation"
                >
                  <div
                    className="MuiDataGrid-columnHeaderTitleContainer"
                    role="presentation"
                  >
                    <div
                      className="MuiDataGrid-columnHeaderTitleContainerContent"
                    >
                      <span
                        className="MuiButtonBase-root MuiCheckbox-root MuiCheckbox-colorPrimary MuiCheckbox-sizeMedium PrivateSwitchBase-root MuiCheckbox-root MuiCheckbox-colorPrimary MuiCheckbox-sizeMedium MuiCheckbox-root MuiCheckbox-colorPrimary MuiCheckbox-sizeMedium MuiDataGrid-checkboxInput css-12wnr2w-MuiButtonBase-root-MuiCheckbox-root"
                        onBlur={[Function]}
                        onContextMenu={[Function]}
                        onDragLeave={[Function]}
                        onFocus={[Function]}
                        onKeyDown={[Function]}
                        onKeyUp={[Function]}
                        onMouseDown={[Function]}
                        onMouseLeave={[Function]}
                        onMouseUp={[Function]}
                        onTouchEnd={[Function]}
                        onTouchMove={[Function]}
                        onTouchStart={[Function]}
                        tabIndex={null}
                      >
                        <input
                          aria-label="Select all rows"
                          checked={false}
                          className="PrivateSwitchBase-input css-1m9pwf3"
                          data-indeterminate={false}
                          onChange={[Function]}
                          required={false}
                          tabIndex={-1}
                          type="checkbox"
                        />
                        <svg
                          aria-hidden={true}
                          className="MuiSvgIcon-root MuiSvgIcon-fontSizeMedium css-i4bv87-MuiSvgIcon-root"
                          data-testid="CheckBoxOutlineBlankIcon"
                          focusable="false"
                          viewBox="0 0 24 24"
                        >
                          <path
                            d="M19 5v14H5V5h14m0-2H5c-1.1 0-2 .9-2 2v14c0 1.1.9 2 2 2h14c1.1 0 2-.9 2-2V5c0-1.1-.9-2-2-2z"
                          />
                        </svg>
                        <span
                          className="MuiTouchRipple-root css-8je8zh-MuiTouchRipple-root"
                        />
                      </span>
                    </div>
                  </div>
                </div>
                <div
                  className="MuiDataGrid-columnSeparator MuiDataGrid-columnSeparator--sideRight"
                  onClick={[Function]}
                  onDoubleClick={[Function]}
                  onMouseDown={[Function]}
                  style={
                    {
                      "minHeight": 56,
                      "opacity": 1,
                    }
                  }
                >
                  <svg
                    aria-hidden={true}
                    className="MuiSvgIcon-root MuiSvgIcon-fontSizeMedium MuiDataGrid-iconSeparator css-i4bv87-MuiSvgIcon-root"
                    data-testid="SeparatorIcon"
                    focusable="false"
                    viewBox="0 0 24 24"
                  >
                    <path
                      d="M11 19V5h2v14z"
                    />
                  </svg>
                </div>
              </div>
              <div
                aria-colindex={2}
                aria-label="Event Name"
                aria-sort="none"
                className="MuiDataGrid-columnHeader MuiDataGrid-columnHeader--sortable MuiDataGrid-withBorderColor"
                data-field="name"
                onBlur={[Function]}
                onClick={[Function]}
                onDoubleClick={[Function]}
                onFocus={[Function]}
                onKeyDown={[Function]}
                onMouseEnter={[Function]}
                onMouseLeave={[Function]}
                onMouseOut={[Function]}
                onMouseOver={[Function]}
                role="columnheader"
                style={
                  {
                    "height": 56,
                    "maxWidth": 100,
                    "minWidth": 100,
                    "width": 100,
                  }
                }
                tabIndex={-1}
              >
                <div
                  className="MuiDataGrid-columnHeaderDraggableContainer"
                  draggable={false}
                  role="presentation"
                >
                  <div
                    className="MuiDataGrid-columnHeaderTitleContainer"
                    role="presentation"
                  >
                    <div
                      className="MuiDataGrid-columnHeaderTitleContainerContent"
                    >
                      <div
                        aria-label=""
                        aria-labelledby={null}
                        className="MuiDataGrid-columnHeaderTitle css-t89xny-MuiDataGrid-columnHeaderTitle"
                        data-mui-internal-clone-element={true}
                        onBlur={[Function]}
                        onFocus={[Function]}
                        onMouseLeave={[Function]}
                        onMouseOver={[Function]}
                        onTouchEnd={[Function]}
                        onTouchStart={[Function]}
                      >
                        Event Name
                      </div>
                    </div>
                    <div
                      className="MuiDataGrid-iconButtonContainer css-ltf0zy-MuiDataGrid-iconButtonContainer"
                    >
                      <button
                        aria-label="Sort"
                        className="MuiButtonBase-root MuiIconButton-root MuiIconButton-sizeSmall css-1pe4mpk-MuiButtonBase-root-MuiIconButton-root"
                        disabled={false}
                        onBlur={[Function]}
                        onContextMenu={[Function]}
                        onDragLeave={[Function]}
                        onFocus={[Function]}
                        onKeyDown={[Function]}
                        onKeyUp={[Function]}
                        onMouseDown={[Function]}
                        onMouseLeave={[Function]}
                        onMouseUp={[Function]}
                        onTouchEnd={[Function]}
                        onTouchMove={[Function]}
                        onTouchStart={[Function]}
                        tabIndex={-1}
                        title="Sort"
                        type="button"
                      >
                        <svg
                          aria-hidden={true}
                          className="MuiSvgIcon-root MuiSvgIcon-fontSizeSmall MuiDataGrid-sortIcon css-ptiqhd-MuiSvgIcon-root"
                          data-testid="ArrowUpwardIcon"
                          focusable="false"
                          viewBox="0 0 24 24"
                        >
                          <path
                            d="M4 12l1.41 1.41L11 7.83V20h2V7.83l5.58 5.59L20 12l-8-8-8 8z"
                          />
                        </svg>
                        <span
                          className="MuiTouchRipple-root css-8je8zh-MuiTouchRipple-root"
                        />
                      </button>
                    </div>
                  </div>
                  <div
                    className="MuiDataGrid-menuIcon"
                  >
                    <button
                      aria-expanded={false}
                      aria-haspopup="menu"
                      aria-label="Menu"
                      aria-labelledby={null}
                      className="MuiButtonBase-root MuiIconButton-root MuiIconButton-sizeSmall MuiDataGrid-menuIconButton css-1pe4mpk-MuiButtonBase-root-MuiIconButton-root"
                      data-mui-internal-clone-element={true}
                      disabled={false}
                      id=":r8:"
                      onBlur={[Function]}
                      onClick={[Function]}
                      onContextMenu={[Function]}
                      onDragLeave={[Function]}
                      onFocus={[Function]}
                      onKeyDown={[Function]}
                      onKeyUp={[Function]}
                      onMouseDown={[Function]}
                      onMouseLeave={[Function]}
                      onMouseOver={[Function]}
                      onMouseUp={[Function]}
                      onTouchEnd={[Function]}
                      onTouchMove={[Function]}
                      onTouchStart={[Function]}
                      tabIndex={-1}
                      type="button"
                    >
                      <svg
                        aria-hidden={true}
                        className="MuiSvgIcon-root MuiSvgIcon-fontSizeSmall css-ptiqhd-MuiSvgIcon-root"
                        data-testid="TripleDotsVerticalIcon"
                        focusable="false"
                        viewBox="0 0 24 24"
                      >
                        <path
                          d="M12 8c1.1 0 2-.9 2-2s-.9-2-2-2-2 .9-2 2 .9 2 2 2zm0 2c-1.1 0-2 .9-2 2s.9 2 2 2 2-.9 2-2-.9-2-2-2zm0 6c-1.1 0-2 .9-2 2s.9 2 2 2 2-.9 2-2-.9-2-2-2z"
                        />
                      </svg>
                      <span
                        className="MuiTouchRipple-root css-8je8zh-MuiTouchRipple-root"
                      />
                    </button>
                  </div>
                </div>
                <div
                  className="MuiDataGrid-columnSeparator MuiDataGrid-columnSeparator--sideRight"
                  onClick={[Function]}
                  onDoubleClick={[Function]}
                  onMouseDown={[Function]}
                  style={
                    {
                      "minHeight": 56,
                      "opacity": 1,
                    }
                  }
                >
                  <svg
                    aria-hidden={true}
                    className="MuiSvgIcon-root MuiSvgIcon-fontSizeMedium MuiDataGrid-iconSeparator css-i4bv87-MuiSvgIcon-root"
                    data-testid="SeparatorIcon"
                    focusable="false"
                    viewBox="0 0 24 24"
                  >
                    <path
                      d="M11 19V5h2v14z"
                    />
                  </svg>
                </div>
              </div>
              <div
                aria-colindex={3}
                aria-label="Description"
                aria-sort="none"
                className="MuiDataGrid-columnHeader MuiDataGrid-columnHeader--sortable MuiDataGrid-withBorderColor"
                data-field="description"
                onBlur={[Function]}
                onClick={[Function]}
                onDoubleClick={[Function]}
                onFocus={[Function]}
                onKeyDown={[Function]}
                onMouseEnter={[Function]}
                onMouseLeave={[Function]}
                onMouseOut={[Function]}
                onMouseOver={[Function]}
                role="columnheader"
                style={
                  {
                    "height": 56,
                    "maxWidth": 200,
                    "minWidth": 200,
                    "width": 200,
                  }
                }
                tabIndex={-1}
              >
                <div
                  className="MuiDataGrid-columnHeaderDraggableContainer"
                  draggable={false}
                  role="presentation"
                >
                  <div
                    className="MuiDataGrid-columnHeaderTitleContainer"
                    role="presentation"
                  >
                    <div
                      className="MuiDataGrid-columnHeaderTitleContainerContent"
                    >
                      <div
                        aria-label=""
                        aria-labelledby={null}
                        className="MuiDataGrid-columnHeaderTitle css-t89xny-MuiDataGrid-columnHeaderTitle"
                        data-mui-internal-clone-element={true}
                        onBlur={[Function]}
                        onFocus={[Function]}
                        onMouseLeave={[Function]}
                        onMouseOver={[Function]}
                        onTouchEnd={[Function]}
                        onTouchStart={[Function]}
                      >
                        Description
                      </div>
                    </div>
                    <div
                      className="MuiDataGrid-iconButtonContainer css-ltf0zy-MuiDataGrid-iconButtonContainer"
                    >
                      <button
                        aria-label="Sort"
                        className="MuiButtonBase-root MuiIconButton-root MuiIconButton-sizeSmall css-1pe4mpk-MuiButtonBase-root-MuiIconButton-root"
                        disabled={false}
                        onBlur={[Function]}
                        onContextMenu={[Function]}
                        onDragLeave={[Function]}
                        onFocus={[Function]}
                        onKeyDown={[Function]}
                        onKeyUp={[Function]}
                        onMouseDown={[Function]}
                        onMouseLeave={[Function]}
                        onMouseUp={[Function]}
                        onTouchEnd={[Function]}
                        onTouchMove={[Function]}
                        onTouchStart={[Function]}
                        tabIndex={-1}
                        title="Sort"
                        type="button"
                      >
                        <svg
                          aria-hidden={true}
                          className="MuiSvgIcon-root MuiSvgIcon-fontSizeSmall MuiDataGrid-sortIcon css-ptiqhd-MuiSvgIcon-root"
                          data-testid="ArrowUpwardIcon"
                          focusable="false"
                          viewBox="0 0 24 24"
                        >
                          <path
                            d="M4 12l1.41 1.41L11 7.83V20h2V7.83l5.58 5.59L20 12l-8-8-8 8z"
                          />
                        </svg>
                        <span
                          className="MuiTouchRipple-root css-8je8zh-MuiTouchRipple-root"
                        />
                      </button>
                    </div>
                  </div>
                  <div
                    className="MuiDataGrid-menuIcon"
                  >
                    <button
                      aria-expanded={false}
                      aria-haspopup="menu"
                      aria-label="Menu"
                      aria-labelledby={null}
                      className="MuiButtonBase-root MuiIconButton-root MuiIconButton-sizeSmall MuiDataGrid-menuIconButton css-1pe4mpk-MuiButtonBase-root-MuiIconButton-root"
                      data-mui-internal-clone-element={true}
                      disabled={false}
                      id=":re:"
                      onBlur={[Function]}
                      onClick={[Function]}
                      onContextMenu={[Function]}
                      onDragLeave={[Function]}
                      onFocus={[Function]}
                      onKeyDown={[Function]}
                      onKeyUp={[Function]}
                      onMouseDown={[Function]}
                      onMouseLeave={[Function]}
                      onMouseOver={[Function]}
                      onMouseUp={[Function]}
                      onTouchEnd={[Function]}
                      onTouchMove={[Function]}
                      onTouchStart={[Function]}
                      tabIndex={-1}
                      type="button"
                    >
                      <svg
                        aria-hidden={true}
                        className="MuiSvgIcon-root MuiSvgIcon-fontSizeSmall css-ptiqhd-MuiSvgIcon-root"
                        data-testid="TripleDotsVerticalIcon"
                        focusable="false"
                        viewBox="0 0 24 24"
                      >
                        <path
                          d="M12 8c1.1 0 2-.9 2-2s-.9-2-2-2-2 .9-2 2 .9 2 2 2zm0 2c-1.1 0-2 .9-2 2s.9 2 2 2 2-.9 2-2-.9-2-2-2zm0 6c-1.1 0-2 .9-2 2s.9 2 2 2 2-.9 2-2-.9-2-2-2z"
                        />
                      </svg>
                      <span
                        className="MuiTouchRipple-root css-8je8zh-MuiTouchRipple-root"
                      />
                    </button>
                  </div>
                </div>
                <div
                  className="MuiDataGrid-columnSeparator MuiDataGrid-columnSeparator--sideRight"
                  onClick={[Function]}
                  onDoubleClick={[Function]}
                  onMouseDown={[Function]}
                  style={
                    {
                      "minHeight": 56,
                      "opacity": 1,
                    }
                  }
                >
                  <svg
                    aria-hidden={true}
                    className="MuiSvgIcon-root MuiSvgIcon-fontSizeMedium MuiDataGrid-iconSeparator css-i4bv87-MuiSvgIcon-root"
                    data-testid="SeparatorIcon"
                    focusable="false"
                    viewBox="0 0 24 24"
                  >
                    <path
                      d="M11 19V5h2v14z"
                    />
                  </svg>
                </div>
              </div>
            </div>
          </div>
        </div>
        <div
          className="MuiDataGrid-virtualScroller css-qvtrhg-MuiDataGrid-virtualScroller"
          onScroll={[Function]}
          onTouchMove={[Function]}
          onWheel={[Function]}
          role="presentation"
          style={
            {
              "overflowX": "hidden",
            }
          }
        >
          <div
            className="MuiDataGrid-overlayWrapper css-ql19fo-MuiDataGrid-overlayWrapper"
          >
            <div
              className="MuiDataGrid-overlayWrapperInner css-1akuw9y-MuiDataGrid-overlayWrapperInner"
              style={
                {
                  "height": 0,
                  "width": 0,
                }
              }
            >
              <div
                className="MuiDataGrid-overlay css-1w53k9d-MuiDataGrid-overlay"
              >
                No rows
              </div>
            </div>
          </div>
          <div
            className="MuiDataGrid-virtualScrollerContent MuiDataGrid-virtualScrollerContent--overflowed css-1kwdphh-MuiDataGrid-virtualScrollerContent"
            role="presentation"
            style={
              {
                "height": 1,
                "minHeight": "auto",
                "width": "auto",
              }
            }
          >
            <div
              className="MuiDataGrid-virtualScrollerRenderZone css-s1v7zr-MuiDataGrid-virtualScrollerRenderZone"
              role="rowgroup"
            />
          </div>
        </div>
      </div>
      <div
        className="MuiDataGrid-footerContainer MuiDataGrid-withBorderColor css-wop1k0-MuiDataGrid-footerContainer"
      >
        <div />
        <div
          className="MuiTablePagination-root css-rtrcn9-MuiTablePagination-root"
        >
          <div
            className="MuiToolbar-root MuiToolbar-gutters MuiToolbar-regular MuiTablePagination-toolbar css-78c6dr-MuiToolbar-root-MuiTablePagination-toolbar"
          >
            <div
              className="MuiTablePagination-spacer css-1psng7p-MuiTablePagination-spacer"
            />
            <p
              className="MuiTablePagination-selectLabel css-pdct74-MuiTablePagination-selectLabel"
              id=":r1:"
            >
              Rows per page:
            </p>
            <div
              className="MuiInputBase-root MuiInputBase-colorPrimary MuiTablePagination-input css-16c50h-MuiInputBase-root-MuiTablePagination-select"
              onClick={[Function]}
            >
              <div
                aria-controls=":r2:"
                aria-expanded="false"
                aria-haspopup="listbox"
                aria-labelledby=":r1: :r0:"
                className="MuiSelect-select MuiTablePagination-select MuiSelect-standard MuiInputBase-input css-194a1fa-MuiSelect-select-MuiInputBase-input"
                id=":r0:"
                onBlur={[Function]}
                onFocus={[Function]}
                onKeyDown={[Function]}
                onMouseDown={[Function]}
                role="combobox"
                tabIndex={0}
              >
                5
              </div>
              <input
                aria-hidden={true}
                aria-invalid={false}
                className="MuiSelect-nativeInput css-yf8vq0-MuiSelect-nativeInput"
                disabled={false}
                onAnimationStart={[Function]}
                onChange={[Function]}
                tabIndex={-1}
                value={5}
              />
              <svg
                aria-hidden={true}
                className="MuiSvgIcon-root MuiSvgIcon-fontSizeMedium MuiSelect-icon MuiTablePagination-selectIcon MuiSelect-iconStandard css-pqjvzy-MuiSvgIcon-root-MuiSelect-icon"
                data-testid="ArrowDropDownIcon"
                focusable="false"
                viewBox="0 0 24 24"
              >
                <path
                  d="M7 10l5 5 5-5z"
                />
              </svg>
            </div>
            <p
              className="MuiTablePagination-displayedRows css-levciy-MuiTablePagination-displayedRows"
            >
              0–0 of 0
            </p>
            <div
              className="MuiTablePagination-actions"
            >
              <button
                aria-label="Go to previous page"
                className="MuiButtonBase-root Mui-disabled MuiIconButton-root Mui-disabled MuiIconButton-colorInherit MuiIconButton-sizeMedium css-zylse7-MuiButtonBase-root-MuiIconButton-root"
                disabled={true}
                onBlur={[Function]}
                onClick={[Function]}
                onContextMenu={[Function]}
                onDragLeave={[Function]}
                onFocus={[Function]}
                onKeyDown={[Function]}
                onKeyUp={[Function]}
                onMouseDown={[Function]}
                onMouseLeave={[Function]}
                onMouseUp={[Function]}
                onTouchEnd={[Function]}
                onTouchMove={[Function]}
                onTouchStart={[Function]}
                tabIndex={-1}
                title="Go to previous page"
                type="button"
              >
                <svg
                  aria-hidden={true}
                  className="MuiSvgIcon-root MuiSvgIcon-fontSizeMedium css-i4bv87-MuiSvgIcon-root"
                  data-testid="KeyboardArrowLeftIcon"
                  focusable="false"
                  viewBox="0 0 24 24"
                >
                  <path
                    d="M15.41 16.09l-4.58-4.59 4.58-4.59L14 5.5l-6 6 6 6z"
                  />
                </svg>
              </button>
              <button
                aria-label="Go to next page"
                className="MuiButtonBase-root Mui-disabled MuiIconButton-root Mui-disabled MuiIconButton-colorInherit MuiIconButton-sizeMedium css-zylse7-MuiButtonBase-root-MuiIconButton-root"
                disabled={true}
                onBlur={[Function]}
                onClick={[Function]}
                onContextMenu={[Function]}
                onDragLeave={[Function]}
                onFocus={[Function]}
                onKeyDown={[Function]}
                onKeyUp={[Function]}
                onMouseDown={[Function]}
                onMouseLeave={[Function]}
                onMouseUp={[Function]}
                onTouchEnd={[Function]}
                onTouchMove={[Function]}
                onTouchStart={[Function]}
                tabIndex={-1}
                title="Go to next page"
                type="button"
              >
                <svg
                  aria-hidden={true}
                  className="MuiSvgIcon-root MuiSvgIcon-fontSizeMedium css-i4bv87-MuiSvgIcon-root"
                  data-testid="KeyboardArrowRightIcon"
                  focusable="false"
                  viewBox="0 0 24 24"
                >
                  <path
                    d="M8.59 16.34l4.58-4.59-4.58-4.59L10 5.75l6 6-6 6z"
                  />
                </svg>
              </button>
            </div>
          </div>
        </div>
      </div>
    </div>
  </div>
  <div
    onMouseEnter={[Function]}
    onMouseLeave={[Function]}
    style={
      {
        "bottom": 16,
        "left": 16,
        "pointerEvents": "none",
        "position": "fixed",
        "right": 16,
        "top": 16,
        "zIndex": 9999,
      }
    }
  />
</div>
`;
